
> gig-credit-ai@0.1.0 build
> next build

  Γû▓ Next.js 14.2.35

   Creating an optimized production build ...
> [PWA] Compile server
> [PWA] Compile server
> [PWA] Compile client (static)
> [PWA] Auto register service worker with: C:\Users\HP\gig-workers\gig-workers\node_modules\next-pwa\register.js
> [PWA] Service worker: C:\Users\HP\gig-workers\gig-workers\public\sw.js
> [PWA]   url: /sw.js
> [PWA]   scope: /
 Γ£ô Compiled successfully
   Linting and checking validity of types ...
node.exe : 
At line:1 char:1
+ & "C:\Program 
Files\nodejs/node.exe" 
"C:\Program 
Files\nodejs/node_mo ...
+ ~~~~~~~~~~~~~~~~~~~~~~~~~~
~~~~~~~~~~~~~~~~~~~~~~~~~~~~
~~~~~~~~~~~~~~~
    + CategoryInfo          
    : NotSpecified: (:Stri  
  ng) [], RemoteException
    + FullyQualifiedErrorId 
    : NativeCommandError
 
Failed to compile.

./app/loan/success/page.tsx
13:12  Error: 
'showConfetti' is assigned 
a value but never used.  @ty
pescript-eslint/no-unused-va
rs

./app/page.tsx
3:96  Error: 'Play' is 
defined but never used.  @ty
pescript-eslint/no-unused-va
rs
3:102  Error: 
'CheckCircle2' is defined 
but never used.  @typescript
-eslint/no-unused-vars
3:129  Error: 'Shield' is 
defined but never used.  @ty
pescript-eslint/no-unused-va
rs
3:137  Error: 'Fuel' is 
defined but never used.  @ty
pescript-eslint/no-unused-va
rs
3:143  Error: 'MonitorIcon' 
is defined but never used.  
@typescript-eslint/no-unused
-vars
3:156  Error: 'Bike' is 
defined but never used.  @ty
pescript-eslint/no-unused-va
rs
11:10  Error: 
'hoveredPillar' is assigned 
a value but never used.  @ty
pescript-eslint/no-unused-va
rs
121:22  Error: `'` can be 
escaped with `&apos;`, 
`&lsquo;`, `&#39;`, 
`&rsquo;`.  
react/no-unescaped-entities
197:19  Error: `'` can be 
escaped with `&apos;`, 
`&lsquo;`, `&#39;`, 
`&rsquo;`.  
react/no-unescaped-entities
207:27  Error: `'` can be 
escaped with `&apos;`, 
`&lsquo;`, `&#39;`, 
`&rsquo;`.  
react/no-unescaped-entities
414:101  Error: `"` can be 
escaped with `&quot;`, 
`&ldquo;`, `&#34;`, 
`&rdquo;`.  
react/no-unescaped-entities

./app/score/page.tsx
6:103  Error: 'TrendingUp' 
is defined but never used.  
@typescript-eslint/no-unused
-vars
10:10  Error: 'motion' is 
defined but never used.  @ty
pescript-eslint/no-unused-va
rs

./components/LoanCalculator.
tsx
5:10  Error: 'motion' is 
defined but never used.  @ty
pescript-eslint/no-unused-va
rs

./components/PillarCard.tsx
2:10  Error: 'cn' is 
defined but never used.  @ty
pescript-eslint/no-unused-va
rs
15:58  Error: 'weight' is 
defined but never used.  @ty
pescript-eslint/no-unused-va
rs
15:74  Error: 'color' is 
assigned a value but never 
used.  @typescript-eslint/no
-unused-vars

./components/ScoreCircle.tsx
5:10  Error: 'cn' is 
defined but never used.  @ty
pescript-eslint/no-unused-va
rs
6:10  Error: 'Trophy' is 
defined but never used.  @ty
pescript-eslint/no-unused-va
rs

./components/ui/Spotlight.ts
x
3:17  Error: 'useRef' is 
defined but never used.  @ty
pescript-eslint/no-unused-va
rs
3:25  Error: 'useState' is 
defined but never used.  @ty
pescript-eslint/no-unused-va
rs
3:35  Error: 'useEffect' is 
defined but never used.  @ty
pescript-eslint/no-unused-va
rs

info  - Need to disable 
some ESLint rules? Learn 
more here: https://nextjs.or
g/docs/basic-features/eslint
#disabling-rules
